// Jest Snapshot v1, https://goo.gl/fbAQLP

exports[`c-steps renders completed steps 1`] = `
Array [
  <c-step class="hydrated">
  <mock:shadow-root>
    <div class="c-step c-step--complete">
      <div class="c-step__indicator">
        <div class="complete">
          <svg viewBox="0 0 100 100">
            <path class="path" d="M 12 52 l 24 24 l 47 -47 l -3 -3 l -44 44 l -21 -21 l -3 3"></path>
          </svg>
        </div>
      </div>
      <div class="c-step__label">
        <slot></slot>
      </div>
    </div>
  </mock:shadow-root>
  Step 1
</c-step>,
  <c-step class="hydrated">
  <mock:shadow-root>
    <div class="c-step">
      <div class="c-step__indicator">
        <div class="dot"></div>
      </div>
      <div class="c-step__label">
        <slot></slot>
      </div>
    </div>
  </mock:shadow-root>
  Step 2
</c-step>,
  <c-step class="hydrated">
  <mock:shadow-root>
    <div class="c-step">
      <div class="c-step__indicator">
        <div class="dot"></div>
      </div>
      <div class="c-step__label">
        <slot></slot>
      </div>
    </div>
  </mock:shadow-root>
  Step 3
</c-step>,
]
`;
