// Jest Snapshot v1, https://goo.gl/fbAQLP

exports[`c-steps renders default html 1`] = `undefined`;
